Microsoft (R) Macro Assembler Version 14.37.32825.0	    11/24/23 19:54:21
PeselCheck.asm						     Page 1 - 1


				INCLUDE Irvine32.inc
			      C ; Include file for Irvine32.lib             (Irvine32.inc)
			      C 
			      C ;OPTION CASEMAP:NONE		; optional: make identifiers case-sensitive
			      C 
			      C INCLUDE SmallWin.inc		; MS-Windows prototypes, structures, and constants
			      C .NOLIST
			      C .LIST
			      C 
			      C INCLUDE VirtualKeys.inc
			      C ; VirtualKeys.inc
			      C .NOLIST
			      C .LIST
			      C 
			      C 
			      C .NOLIST
			      C .LIST
			      C 

 00000000			.data 
 00000000  00000014 [			pesel byte 20 DUP (?)
	    00
	   ]
 00000014 00000014			peselLength DWORD LENGTHOF pesel
					
 00000018 01 03 07 09 01		wagi byte 1, 3, 7, 9, 1, 3, 7, 9, 1, 3
	   03 07 09 01 03
 00000022 0000000A			wagiLength DWORD LENGTHOF wagi
					
 00000026 0000				suma WORD 0
 00000028 0000				kontrolna WORD 0

 0000002A 00				dzien BYTE 0
 0000002B 00				miesiac BYTE 0
 0000002C 00000000			rok DWORD 0

 00000030 00				dniMiesiaca BYTE ?
 00000031 01				dzienPoprawny BYTE 1

 00000032 50 6F 64 61 6A		msgPodajPesel byte "Podaj pesel: ", 0
	   20 70 65 73 65
	   6C 3A 20 00
 00000040 4E 69 65 70 6F		msgZlaDlugosc byte "Niepoprawna dlugosc numeru pesel", 0
	   70 72 61 77 6E
	   61 20 64 6C 75
	   67 6F 73 63 20
	   6E 75 6D 65 72
	   75 20 70 65 73
	   65 6C 00
 00000061 4E 69 65 70 6F		msgZlyZnak byte "Niepoprawny znak w peselu", 0
	   70 72 61 77 6E
	   79 20 7A 6E 61
	   6B 20 77 20 70
	   65 73 65 6C 75
	   00
 0000007B 4E 69 65 70 6F		msgZlaSumaKontrolna byte "Niepoprawna suma kontrolna", 0
	   70 72 61 77 6E
	   61 20 73 75 6D
	   61 20 6B 6F 6E
	   74 72 6F 6C 6E
	   61 00
 00000096 4E 69 65 70 6F		msgZlyDzien byte "Niepoprawny dzien", 0
	   70 72 61 77 6E
	   79 20 64 7A 69
	   65 6E 00
 000000A8 4E 69 65 70 6F		msgZlyMiesiac byte "Niepoprawny miesiac", 0
	   70 72 61 77 6E
	   79 20 6D 69 65
	   73 69 61 63 00
 000000BC 4E 69 65 70 6F		msgZlyRok byte "Niepoprawny rok", 0
	   70 72 61 77 6E
	   79 20 72 6F 6B
	   00
 000000CC 64 61 74 61 20		msgDataUrodzenia byte "data urodzenia: ", 0
	   75 72 6F 64 7A
	   65 6E 69 61 3A
	   20 00

 000000DD				buffer BYTE 30 DUP(0)

 00000000			.code
 00000000			main PROC
 00000000  BA 00000032 R		mov edx, offset msgPodajPesel
 00000005  E8 00000000 E		call writestring
 0000000A  BA 00000000 R		mov edx, offset pesel
 0000000F  B9 00000013			mov ecx, 19
 00000014  E8 00000000 E		call readstring ;zapisuje wartosc do eax
 00000019  83 F8 0B			cmp eax, 11
 0000001C  0F 85 000001B7		jne zladlugosc

 00000022  B9 0000000B			mov ecx, 11
 00000027  BE 00000000 R		mov esi, offset pesel

 0000002C				et1:
 0000002C  80 3E 30				cmp byte ptr [esi], '0' ; ptr robi konwersje [esi] na byte (wie, ze ma odczytac pojedynczy bajt z adresu)
 0000002F  0F 8C 000001B0			jl zlyznak
 00000035  80 3E 39				cmp byte ptr [esi], '9'
 00000038  0F 8F 000001A7			jg zlyznak
 0000003E  46					inc esi
 0000003F  E2 EB				loop et1
						
 00000041  BE 00000000 R		mov esi, offset pesel
 00000046  BF 00000018 R		mov edi, offset wagi

 0000004B  8B 0D 00000022 R		mov ecx, wagiLength
					
 00000051				sumaKontrolna:
 00000051  8A 06				mov	al, [esi]
 00000053  3C 00				cmp al, 0
 00000055  0F 84 00000196			je koniec
 0000005B  2C 30				sub al, '0'

						; Mno¿enie cyfry pesel przez wagê, wynik w AX
 0000005D  8A 1F				mov bl, [edi]
 0000005F  F6 E3				mul bl
						
						; Reszta z dzielenia przez 10
 00000061  66| BA 0000				mov dx, 0
 00000065  66| BB 000A				mov bx, 10

 00000069  66| F7 F3				div bx

 0000006C  66| 8B C2				mov ax, dx

 0000006F  66| 01 05				add suma, ax
	   00000026 R

						; Inkrementacja liczników
 00000076  46					inc esi
 00000077  47					inc edi
 00000078  E2 D7				loop sumaKontrolna

 0000007A  66| A1				mov ax, suma
	   00000026 R

						; Reszta z dzielenia przez 10
 00000080  66| BA 0000				mov dx, 0
 00000084  66| BB 000A				mov bx, 10

 00000088  66| F7 F3				div bx

 0000008B  66| 8B C2				mov ax, dx
 0000008E  66| BB 000A				mov bx, 10

 00000092  66| 2B D8				sub bx, ax
 00000095  66| 89 1D				mov kontrolna, bx
	   00000028 R
						
 0000009C  BE 00000000 R			mov esi, offset pesel
 000000A1  B9 00000000				mov ecx, 0
 000000A6  03 0D 00000022 R			add ecx, wagiLength
 000000AC  83 C1 01				add ecx, 1

 000000AF				znajdzOstatniIndeksPeselu:
 000000AF  8A 06				mov al, [esi]
 000000B1  83 F9 01				cmp ecx, 1
 000000B4  74 03				je sprawdzSume
 000000B6  46					inc esi
 000000B7  E2 F6				loop znajdzOstatniIndeksPeselu

 000000B9				sprawdzSume:
 000000B9  66| 83 E8 30				sub ax, '0'
 000000BD  66| 3B 05				cmp ax, kontrolna
	   00000028 R
 000000C4  0F 85 00000103			jne zlaSumaKontrolna

 000000CA				sprawdzRok:
 000000CA  8D 35 00000000 R			lea esi, pesel

						; Wyodrêbnienie roku
 000000D0  0F B6 06				movzx eax, byte ptr [esi] ; Pierwsza cyfra roku
 000000D3  83 E8 30				sub eax, '0'
 000000D6  6B C0 0A				imul eax, 10

 000000D9  0F B6 5E 01				movzx ebx,byte ptr [esi + 1] ; Druga cyfra roku
 000000DD  83 EB 30				sub ebx, '0'
 000000E0  03 C3				add eax, ebx ; Rok
						
						; Sprawdzanie stulecia
 000000E2  0F B6 4E 02				movzx ecx, byte ptr [esi + 2]
 000000E6  83 F9 32				cmp ecx, '2'
 000000E9  72 15				jb not_2000

 000000EB  83 F9 33				cmp ecx, '3'
 000000EE  0F 87 000000CD			ja zlyRok

 000000F4  05 000007D0				add eax, 2000
 000000F9  A3 0000002C R			mov rok, eax
 000000FE  EB 0A				jmp sprawdzMiesiac
						
 00000100					not_2000:
 00000100  05 0000076C				 add eax, 1900
 00000105  A3 0000002C R			 mov rok, eax

 0000010A				sprawdzMiesiac:
 0000010A  8D 35 00000002 R			lea esi, pesel + 2

						; Wyodrêbnienie miesi¹ca
 00000110  0F B6 06				movzx eax, byte ptr [esi] ; Wczytaj pierwsz¹ cyfrê miesi¹ca
 00000113  83 E8 30				sub eax, '0'
 00000116  6B C0 0A				imul eax, 10
				    
 00000119  0F B6 5E 01				movzx ebx, byte ptr [esi + 1] ; Wczytaj drug¹ cyfrê miesi¹ca
 0000011D  83 EB 30				sub ebx, '0'             
 00000120  03 C3				add eax, ebx             

 00000122  A2 0000002B R			mov miesiac, al

 00000127  80 3D 0000002B R			cmp miesiac, 33
	   21
 0000012E  0F 83 00000081			jae zlyMiesiac

 00000134  80 3D 0000002B R			cmp miesiac, 20
	   14
 0000013B  77 14				ja month_2000

 0000013D  80 3D 0000002B R			cmp miesiac, 12
	   0C
 00000144  77 6F				ja zlyMiesiac

 00000146  80 3D 0000002B R			cmp miesiac, 1
	   01
 0000014D  72 66				jb zlyMiesiac

 0000014F  EB 15				jmp sprawdzDzien

 00000151					month_2000:
 00000151  80 3D 0000002B R				cmp miesiac, 21
	   15
 00000158  72 5B					jb zlyMiesiac
 0000015A  A0 0000002B R				mov al, miesiac
 0000015F  2C 14					sub al, 20
 00000161  A2 0000002B R				mov miesiac, al

 00000166				sprawdzDzien:
 00000166  8D 35 00000004 R			lea esi, pesel + 4

 0000016C  0F B6 06				movzx eax, byte ptr [esi] ; Wczytaj pierwsz¹ cyfrê dnia
 0000016F  83 E8 30				sub eax, '0'
 00000172  6B C0 0A				imul eax, 10
				    
 00000175  0F B6 5E 01				movzx ebx, byte ptr [esi + 1] ; Wczytaj drug¹ cyfrê dnia
 00000179  83 EB 30				sub ebx, '0'             
 0000017C  03 C3				add eax, ebx 
						
 0000017E  3C 01				cmp al, 1
 00000180  72 27				jb zlyDzien

 00000182  3C 1F				cmp al, 31
 00000184  77 23				ja zlyDzien

 00000186  A2 0000002A R			mov dzien, al

 0000018B				sprawdzDzienDoMiesiaca:
 0000018B  E8 00000068				call SprawdzDzienDokladnie
 00000190  B8 00000000				mov eax, 0
 00000195  A0 00000030 R			mov al, dniMiesiaca
 0000019A  38 05 0000002A R			cmp dzien, al
 000001A0  77 07				ja zlyDzien

 000001A2				wypiszDateUrodzenia:
 000001A2  E8 000000C5				call WypiszDate	
						
 000001A7  EB 48			jmp koniec

 000001A9				zlyDzien:
 000001A9  BA 00000096 R			mov edx, offset msgZlyDzien
 000001AE  E8 00000000 E			call writestring
 000001B3  EB 3C				jmp koniec

 000001B5				zlyMiesiac:
 000001B5  BA 000000A8 R			mov edx, offset msgZlyMiesiac
 000001BA  E8 00000000 E			call writestring
 000001BF  EB 30				jmp koniec

 000001C1				zlyRok:
 000001C1  BA 000000BC R			mov edx, offset msgZlyRok
 000001C6  E8 00000000 E			call writestring
 000001CB  EB 24				jmp koniec

 000001CD				zlaSumaKontrolna:
 000001CD  BA 0000007B R			mov edx, offset msgZlaSumaKontrolna
 000001D2  E8 00000000 E			call writestring
 000001D7  EB 18				jmp koniec

 000001D9				zladlugosc:
 000001D9  BA 00000040 R			mov edx, offset msgZlaDlugosc
 000001DE  E8 00000000 E			call writestring
 000001E3  EB 0C				jmp koniec

 000001E5				zlyznak:  
 000001E5  BA 00000061 R			mov edx, offset msgZlyZnak
 000001EA  E8 00000000 E			call writestring
 000001EF  EB 00				jmp koniec
						
 000001F1				koniec:
						exit 
 000001F1  6A 00	   *	    push   +000000000h
 000001F3  E8 00000000 E   *	    call   ExitProcess
 000001F8			main endp

; Sprawdzanie dokladne dnia
 000001F8			SprawdzDzienDokladnie PROC
 000001F8  A0 0000002B R	    mov al, miesiac
 000001FD  8B 0D 0000002C R	    mov ecx, rok
					
					; czy miesi¹c to Luty
 00000203  3C 02		    cmp al, 2
 00000205  75 44		    jne nie_luty

					 ; czy rok jest przestêpny
 00000207  66| 8B C1		    mov ax, cx
 0000020A  66| BA 0000		    mov dx, 0
 0000020E  66| BB 0004		    mov bx, 4
 00000212  66| F7 F3		    div bx
 00000215  66| 83 FA 00		    cmp dx, 0
 00000219  75 27		    jne nie_przestepny

				    ; Sprawdzanie wyj¹tkow dla lat podzielnych przez 100, które nie s¹ przestêpne, chyba ¿e
				    ; s¹ równie¿ podzielne przez 400
 0000021B  66| BA 0000		    mov dx, 0
 0000021F  66| F7 F1			div cx
 00000222  66| 83 FA 00			cmp dx, 0
 00000226  75 11		    jnz przestepny          ; rok nie jest podzielny przez 100
				    
				    ; Rok podzielny przez 100, czy podzielny przez 400
 00000228  66| BA 0000		    mov dx, 0
 0000022C  66| BB 0190		    mov bx, 400
 00000230  66| F7 F3		    div bx
 00000233  66| 83 FA 00		    cmp dx, 0
 00000237  75 09		    jne nie_przestepny      ; Jeœli reszta nie jest 0, rok nie jest przestêpny

 00000239			przestepny:
 00000239  C6 05 00000030 R	    mov dniMiesiaca, 29     ; Luty ma 29 dni w roku przestêpnym
	   1D
 00000240  EB 29		    jmp sprawdzanie_dnia_done

 00000242			nie_przestepny:
 00000242  C6 05 00000030 R	    mov dniMiesiaca, 28     ; Luty ma 28 dni, jeœli rok nie jest przestêpny
	   1C
 00000249  EB 20		    jmp sprawdzanie_dnia_done

 0000024B			nie_luty:
				    ; SprawdŸ miesi¹ce maj¹ce 30 dni
 0000024B  3C 04		    cmp al, 4
 0000024D  74 15		    je trzydziesci_dni
 0000024F  3C 06		    cmp al, 6
 00000251  74 11		    je trzydziesci_dni
 00000253  3C 09		    cmp al, 9
 00000255  74 0D		    je trzydziesci_dni
 00000257  3C 0B		    cmp al, 11
 00000259  74 09		    je trzydziesci_dni

				    ; Reszta ma 31 dni
 0000025B  C6 05 00000030 R	    mov dniMiesiaca, 31
	   1F
 00000262  EB 07		    jmp sprawdzanie_dnia_done

 00000264			trzydziesci_dni:
 00000264  C6 05 00000030 R	    mov dniMiesiaca, 30
	   1E

 0000026B			sprawdzanie_dnia_done:
 0000026B  C3				ret

 0000026C			SprawdzDzienDokladnie ENDP

				; Wypisywanie daty urodzenia
 0000026C			WypiszDate PROC
 0000026C  BA 000000CC R		mov edx, offset msgDataUrodzenia
 00000271  E8 00000000 E		call writestring

 00000276  A0 0000002A R		mov al, dzien
 0000027B  E8 00000000 E		call writeint

 00000280  B0 2E			mov al, '.'
 00000282  E8 00000000 E		call writechar

 00000287  A0 0000002B R		mov al, miesiac
 0000028C  E8 00000000 E		call writeint

 00000291  B0 2E			mov al, '.'
 00000293  E8 00000000 E		call writechar

 00000298  B8 00000000			mov eax, 0
 0000029D  A1 0000002C R		mov eax, rok
 000002A2  E8 00000000 E		call writeint

 000002A7  C3				ret

 000002A8			WypiszDate ENDP

				end main



Microsoft (R) Macro Assembler Version 14.37.32825.0	    11/24/23 19:54:21
PeselCheck.asm						     Symbols 2 - 1




Structures and Unions:

                N a m e                  Size
                                         Offset      Type

CONSOLE_CURSOR_INFO  . . . . . .	 00000008
  dwSize . . . . . . . . . . . .	 00000000	 DWord
  bVisible . . . . . . . . . . .	 00000004	 DWord
CONSOLE_SCREEN_BUFFER_INFO . . .	 00000016
  dwSize . . . . . . . . . . . .	 00000000	 DWord
  dwCursorPosition . . . . . . .	 00000004	 DWord
  wAttributes  . . . . . . . . .	 00000008	 Word
  srWindow . . . . . . . . . . .	 0000000A	 QWord
  dwMaximumWindowSize  . . . . .	 00000012	 DWord
COORD  . . . . . . . . . . . . .	 00000004
  X  . . . . . . . . . . . . . .	 00000000	 Word
  Y  . . . . . . . . . . . . . .	 00000002	 Word
FILETIME . . . . . . . . . . . .	 00000008
  loDateTime . . . . . . . . . .	 00000000	 DWord
  hiDateTime . . . . . . . . . .	 00000004	 DWord
FOCUS_EVENT_RECORD . . . . . . .	 00000004
  bSetFocus  . . . . . . . . . .	 00000000	 DWord
FPU_ENVIRON  . . . . . . . . . .	 0000001C
  controlWord  . . . . . . . . .	 00000000	 Word
  statusWord . . . . . . . . . .	 00000004	 Word
  tagWord  . . . . . . . . . . .	 00000008	 Word
  instrPointerOffset . . . . . .	 0000000C	 DWord
  instrPointerSelector . . . . .	 00000010	 DWord
  operandPointerOffset . . . . .	 00000014	 DWord
  operandPointerSelector . . . .	 00000018	 Word
INPUT_RECORD . . . . . . . . . .	 00000014
  EventType  . . . . . . . . . .	 00000000	 Word
  Event  . . . . . . . . . . . .	 00000004	 XmmWord
  bKeyDown . . . . . . . . . . .	 00000000	 DWord
  wRepeatCount . . . . . . . . .	 00000004	 Word
  wVirtualKeyCode  . . . . . . .	 00000006	 Word
  wVirtualScanCode . . . . . . .	 00000008	 Word
  uChar  . . . . . . . . . . . .	 0000000A	 Word
  UnicodeChar  . . . . . . . . .	 00000000	 Word
  AsciiChar  . . . . . . . . . .	 00000000	 Byte
  dwControlKeyState  . . . . . .	 0000000C	 DWord
  dwMousePosition  . . . . . . .	 00000000	 DWord
  dwButtonState  . . . . . . . .	 00000004	 DWord
  dwMouseControlKeyState . . . .	 00000008	 DWord
  dwEventFlags . . . . . . . . .	 0000000C	 DWord
  dwSize . . . . . . . . . . . .	 00000000	 DWord
  dwCommandId  . . . . . . . . .	 00000000	 DWord
  bSetFocus  . . . . . . . . . .	 00000000	 DWord
KEY_EVENT_RECORD . . . . . . . .	 00000010
  bKeyDown . . . . . . . . . . .	 00000000	 DWord
  wRepeatCount . . . . . . . . .	 00000004	 Word
  wVirtualKeyCode  . . . . . . .	 00000006	 Word
  wVirtualScanCode . . . . . . .	 00000008	 Word
  uChar  . . . . . . . . . . . .	 0000000A	 Word
  UnicodeChar  . . . . . . . . .	 00000000	 Word
  AsciiChar  . . . . . . . . . .	 00000000	 Byte
  dwControlKeyState  . . . . . .	 0000000C	 DWord
MENU_EVENT_RECORD  . . . . . . .	 00000004
  dwCommandId  . . . . . . . . .	 00000000	 DWord
MOUSE_EVENT_RECORD . . . . . . .	 00000010
  dwMousePosition  . . . . . . .	 00000000	 DWord
  dwButtonState  . . . . . . . .	 00000004	 DWord
  dwMouseControlKeyState . . . .	 00000008	 DWord
  dwEventFlags . . . . . . . . .	 0000000C	 DWord
SMALL_RECT . . . . . . . . . . .	 00000008
  Left . . . . . . . . . . . . .	 00000000	 Word
  Top  . . . . . . . . . . . . .	 00000002	 Word
  Right  . . . . . . . . . . . .	 00000004	 Word
  Bottom . . . . . . . . . . . .	 00000006	 Word
SYSTEMTIME . . . . . . . . . . .	 00000010
  wYear  . . . . . . . . . . . .	 00000000	 Word
  wMonth . . . . . . . . . . . .	 00000002	 Word
  wDayOfWeek . . . . . . . . . .	 00000004	 Word
  wDay . . . . . . . . . . . . .	 00000006	 Word
  wHour  . . . . . . . . . . . .	 00000008	 Word
  wMinute  . . . . . . . . . . .	 0000000A	 Word
  wSecond  . . . . . . . . . . .	 0000000C	 Word
  wMilliseconds  . . . . . . . .	 0000000E	 Word
WINDOW_BUFFER_SIZE_RECORD  . . .	 00000004
  dwSize . . . . . . . . . . . .	 00000000	 DWord


Segments and Groups:

                N a m e                 Size     Length   Align   Combine Class

FLAT . . . . . . . . . . . . . .	GROUP
STACK  . . . . . . . . . . . . .	32 Bit	 00001000 Para	  Stack	  'STACK'	 
_DATA  . . . . . . . . . . . . .	32 Bit	 000000FB Para	  Public  'DATA'	
_TEXT  . . . . . . . . . . . . .	32 Bit	 000002A8 Para	  Public  'CODE'	


Procedures, parameters, and locals:

                N a m e                 Type     Value    Attr

CloseFile  . . . . . . . . . . .	P Near	 00000000 FLAT	Length= 00000000 External STDCALL
CloseHandle  . . . . . . . . . .	P Near	 00000000 FLAT	Length= 00000000 External STDCALL
Clrscr . . . . . . . . . . . . .	P Near	 00000000 FLAT	Length= 00000000 External STDCALL
CreateFileA  . . . . . . . . . .	P Near	 00000000 FLAT	Length= 00000000 External STDCALL
CreateOutputFile . . . . . . . .	P Near	 00000000 FLAT	Length= 00000000 External STDCALL
Crlf . . . . . . . . . . . . . .	P Near	 00000000 FLAT	Length= 00000000 External STDCALL
Delay  . . . . . . . . . . . . .	P Near	 00000000 FLAT	Length= 00000000 External STDCALL
DumpMem  . . . . . . . . . . . .	P Near	 00000000 FLAT	Length= 00000000 External STDCALL
DumpRegs . . . . . . . . . . . .	P Near	 00000000 FLAT	Length= 00000000 External STDCALL
ExitProcess  . . . . . . . . . .	P Near	 00000000 FLAT	Length= 00000000 External STDCALL
FileTimeToDosDateTime  . . . . .	P Near	 00000000 FLAT	Length= 00000000 External STDCALL
FileTimeToSystemTime . . . . . .	P Near	 00000000 FLAT	Length= 00000000 External STDCALL
FlushConsoleInputBuffer  . . . .	P Near	 00000000 FLAT	Length= 00000000 External STDCALL
FormatMessageA . . . . . . . . .	P Near	 00000000 FLAT	Length= 00000000 External STDCALL
GetCommandLineA  . . . . . . . .	P Near	 00000000 FLAT	Length= 00000000 External STDCALL
GetCommandTail . . . . . . . . .	P Near	 00000000 FLAT	Length= 00000000 External STDCALL
GetConsoleCP . . . . . . . . . .	P Near	 00000000 FLAT	Length= 00000000 External STDCALL
GetConsoleCursorInfo . . . . . .	P Near	 00000000 FLAT	Length= 00000000 External STDCALL
GetConsoleMode . . . . . . . . .	P Near	 00000000 FLAT	Length= 00000000 External STDCALL
GetConsoleScreenBufferInfo . . .	P Near	 00000000 FLAT	Length= 00000000 External STDCALL
GetDateTime  . . . . . . . . . .	P Near	 00000000 FLAT	Length= 00000000 External STDCALL
GetFileTime  . . . . . . . . . .	P Near	 00000000 FLAT	Length= 00000000 External STDCALL
GetKeyState  . . . . . . . . . .	P Near	 00000000 FLAT	Length= 00000000 External STDCALL
GetLastError . . . . . . . . . .	P Near	 00000000 FLAT	Length= 00000000 External STDCALL
GetLocalTime . . . . . . . . . .	P Near	 00000000 FLAT	Length= 00000000 External STDCALL
GetMaxXY . . . . . . . . . . . .	P Near	 00000000 FLAT	Length= 00000000 External STDCALL
GetMseconds  . . . . . . . . . .	P Near	 00000000 FLAT	Length= 00000000 External STDCALL
GetNumberOfConsoleInputEvents  .	P Near	 00000000 FLAT	Length= 00000000 External STDCALL
GetProcessHeap . . . . . . . . .	P Near	 00000000 FLAT	Length= 00000000 External STDCALL
GetStdHandle . . . . . . . . . .	P Near	 00000000 FLAT	Length= 00000000 External STDCALL
GetSystemTime  . . . . . . . . .	P Near	 00000000 FLAT	Length= 00000000 External STDCALL
GetTextColor . . . . . . . . . .	P Near	 00000000 FLAT	Length= 00000000 External STDCALL
GetTickCount . . . . . . . . . .	P Near	 00000000 FLAT	Length= 00000000 External STDCALL
Gotoxy . . . . . . . . . . . . .	P Near	 00000000 FLAT	Length= 00000000 External STDCALL
HeapAlloc  . . . . . . . . . . .	P Near	 00000000 FLAT	Length= 00000000 External STDCALL
HeapCreate . . . . . . . . . . .	P Near	 00000000 FLAT	Length= 00000000 External STDCALL
HeapDestroy  . . . . . . . . . .	P Near	 00000000 FLAT	Length= 00000000 External STDCALL
HeapFree . . . . . . . . . . . .	P Near	 00000000 FLAT	Length= 00000000 External STDCALL
HeapSize . . . . . . . . . . . .	P Near	 00000000 FLAT	Length= 00000000 External STDCALL
IsDigit  . . . . . . . . . . . .	P Near	 00000000 FLAT	Length= 00000000 External STDCALL
LocalFree  . . . . . . . . . . .	P Near	 00000000 FLAT	Length= 00000000 External STDCALL
MessageBoxA  . . . . . . . . . .	P Near	 00000000 FLAT	Length= 00000000 External STDCALL
MsgBoxAsk  . . . . . . . . . . .	P Near	 00000000 FLAT	Length= 00000000 External STDCALL
MsgBox . . . . . . . . . . . . .	P Near	 00000000 FLAT	Length= 00000000 External STDCALL
OpenInputFile  . . . . . . . . .	P Near	 00000000 FLAT	Length= 00000000 External STDCALL
ParseDecimal32 . . . . . . . . .	P Near	 00000000 FLAT	Length= 00000000 External STDCALL
ParseInteger32 . . . . . . . . .	P Near	 00000000 FLAT	Length= 00000000 External STDCALL
PeekConsoleInputA  . . . . . . .	P Near	 00000000 FLAT	Length= 00000000 External STDCALL
Random32 . . . . . . . . . . . .	P Near	 00000000 FLAT	Length= 00000000 External STDCALL
RandomRange  . . . . . . . . . .	P Near	 00000000 FLAT	Length= 00000000 External STDCALL
Randomize  . . . . . . . . . . .	P Near	 00000000 FLAT	Length= 00000000 External STDCALL
ReadChar . . . . . . . . . . . .	P Near	 00000000 FLAT	Length= 00000000 External STDCALL
ReadConsoleA . . . . . . . . . .	P Near	 00000000 FLAT	Length= 00000000 External STDCALL
ReadConsoleInputA  . . . . . . .	P Near	 00000000 FLAT	Length= 00000000 External STDCALL
ReadDec  . . . . . . . . . . . .	P Near	 00000000 FLAT	Length= 00000000 External STDCALL
ReadFile . . . . . . . . . . . .	P Near	 00000000 FLAT	Length= 00000000 External STDCALL
ReadFloat  . . . . . . . . . . .	P Near	 00000000 FLAT	Length= 00000000 External STDCALL
ReadFromFile . . . . . . . . . .	P Near	 00000000 FLAT	Length= 00000000 External STDCALL
ReadHex  . . . . . . . . . . . .	P Near	 00000000 FLAT	Length= 00000000 External STDCALL
ReadInt  . . . . . . . . . . . .	P Near	 00000000 FLAT	Length= 00000000 External STDCALL
ReadKeyFlush . . . . . . . . . .	P Near	 00000000 FLAT	Length= 00000000 External STDCALL
ReadKey  . . . . . . . . . . . .	P Near	 00000000 FLAT	Length= 00000000 External STDCALL
ReadString . . . . . . . . . . .	P Near	 00000000 FLAT	Length= 00000000 External STDCALL
SetConsoleCursorInfo . . . . . .	P Near	 00000000 FLAT	Length= 00000000 External STDCALL
SetConsoleCursorPosition . . . .	P Near	 00000000 FLAT	Length= 00000000 External STDCALL
SetConsoleMode . . . . . . . . .	P Near	 00000000 FLAT	Length= 00000000 External STDCALL
SetConsoleScreenBufferSize . . .	P Near	 00000000 FLAT	Length= 00000000 External STDCALL
SetConsoleTextAttribute  . . . .	P Near	 00000000 FLAT	Length= 00000000 External STDCALL
SetConsoleTitleA . . . . . . . .	P Near	 00000000 FLAT	Length= 00000000 External STDCALL
SetConsoleWindowInfo . . . . . .	P Near	 00000000 FLAT	Length= 00000000 External STDCALL
SetFilePointer . . . . . . . . .	P Near	 00000000 FLAT	Length= 00000000 External STDCALL
SetLocalTime . . . . . . . . . .	P Near	 00000000 FLAT	Length= 00000000 External STDCALL
SetTextColor . . . . . . . . . .	P Near	 00000000 FLAT	Length= 00000000 External STDCALL
ShowFPUStack . . . . . . . . . .	P Near	 00000000 FLAT	Length= 00000000 External STDCALL
Sleep  . . . . . . . . . . . . .	P Near	 00000000 FLAT	Length= 00000000 External STDCALL
SprawdzDzienDokladnie  . . . . .	P Near	 000001F8 _TEXT	Length= 00000074 Public STDCALL
  przestepny . . . . . . . . . .	L Near	 00000239 _TEXT	
  nie_przestepny . . . . . . . .	L Near	 00000242 _TEXT	
  nie_luty . . . . . . . . . . .	L Near	 0000024B _TEXT	
  trzydziesci_dni  . . . . . . .	L Near	 00000264 _TEXT	
  sprawdzanie_dnia_done  . . . .	L Near	 0000026B _TEXT	
StrLength  . . . . . . . . . . .	P Near	 00000000 FLAT	Length= 00000000 External STDCALL
Str_compare  . . . . . . . . . .	P Near	 00000000 FLAT	Length= 00000000 External STDCALL
Str_copy . . . . . . . . . . . .	P Near	 00000000 FLAT	Length= 00000000 External STDCALL
Str_length . . . . . . . . . . .	P Near	 00000000 FLAT	Length= 00000000 External STDCALL
Str_trim . . . . . . . . . . . .	P Near	 00000000 FLAT	Length= 00000000 External STDCALL
Str_ucase  . . . . . . . . . . .	P Near	 00000000 FLAT	Length= 00000000 External STDCALL
SystemTimeToFileTime . . . . . .	P Near	 00000000 FLAT	Length= 00000000 External STDCALL
WaitMsg  . . . . . . . . . . . .	P Near	 00000000 FLAT	Length= 00000000 External STDCALL
WriteBinB  . . . . . . . . . . .	P Near	 00000000 FLAT	Length= 00000000 External STDCALL
WriteBin . . . . . . . . . . . .	P Near	 00000000 FLAT	Length= 00000000 External STDCALL
WriteChar  . . . . . . . . . . .	P Near	 00000000 FLAT	Length= 00000000 External STDCALL
WriteConsoleA  . . . . . . . . .	P Near	 00000000 FLAT	Length= 00000000 External STDCALL
WriteConsoleOutputAttribute  . .	P Near	 00000000 FLAT	Length= 00000000 External STDCALL
WriteConsoleOutputCharacterA . .	P Near	 00000000 FLAT	Length= 00000000 External STDCALL
WriteDec . . . . . . . . . . . .	P Near	 00000000 FLAT	Length= 00000000 External STDCALL
WriteFile  . . . . . . . . . . .	P Near	 00000000 FLAT	Length= 00000000 External STDCALL
WriteFloat . . . . . . . . . . .	P Near	 00000000 FLAT	Length= 00000000 External STDCALL
WriteHexB  . . . . . . . . . . .	P Near	 00000000 FLAT	Length= 00000000 External STDCALL
WriteHex . . . . . . . . . . . .	P Near	 00000000 FLAT	Length= 00000000 External STDCALL
WriteInt . . . . . . . . . . . .	P Near	 00000000 FLAT	Length= 00000000 External STDCALL
WriteStackFrameName  . . . . . .	P Near	 00000000 FLAT	Length= 00000000 External STDCALL
WriteStackFrame  . . . . . . . .	P Near	 00000000 FLAT	Length= 00000000 External STDCALL
WriteString  . . . . . . . . . .	P Near	 00000000 FLAT	Length= 00000000 External STDCALL
WriteToFile  . . . . . . . . . .	P Near	 00000000 FLAT	Length= 00000000 External STDCALL
WriteWindowsMsg  . . . . . . . .	P Near	 00000000 FLAT	Length= 00000000 External STDCALL
WypiszDate . . . . . . . . . . .	P Near	 0000026C _TEXT	Length= 0000003C Public STDCALL
main . . . . . . . . . . . . . .	P Near	 00000000 _TEXT	Length= 000001F8 Public STDCALL
  et1  . . . . . . . . . . . . .	L Near	 0000002C _TEXT	
  sumaKontrolna  . . . . . . . .	L Near	 00000051 _TEXT	
  znajdzOstatniIndeksPeselu  . .	L Near	 000000AF _TEXT	
  sprawdzSume  . . . . . . . . .	L Near	 000000B9 _TEXT	
  sprawdzRok . . . . . . . . . .	L Near	 000000CA _TEXT	
  not_2000 . . . . . . . . . . .	L Near	 00000100 _TEXT	
  sprawdzMiesiac . . . . . . . .	L Near	 0000010A _TEXT	
  month_2000 . . . . . . . . . .	L Near	 00000151 _TEXT	
  sprawdzDzien . . . . . . . . .	L Near	 00000166 _TEXT	
  sprawdzDzienDoMiesiaca . . . .	L Near	 0000018B _TEXT	
  wypiszDateUrodzenia  . . . . .	L Near	 000001A2 _TEXT	
  zlyDzien . . . . . . . . . . .	L Near	 000001A9 _TEXT	
  zlyMiesiac . . . . . . . . . .	L Near	 000001B5 _TEXT	
  zlyRok . . . . . . . . . . . .	L Near	 000001C1 _TEXT	
  zlaSumaKontrolna . . . . . . .	L Near	 000001CD _TEXT	
  zladlugosc . . . . . . . . . .	L Near	 000001D9 _TEXT	
  zlyznak  . . . . . . . . . . .	L Near	 000001E5 _TEXT	
  koniec . . . . . . . . . . . .	L Near	 000001F1 _TEXT	
printf . . . . . . . . . . . . .	P Near	 00000000 FLAT	Length= 00000000 External C
scanf  . . . . . . . . . . . . .	P Near	 00000000 FLAT	Length= 00000000 External C
wsprintfA  . . . . . . . . . . .	P Near	 00000000 FLAT	Length= 00000000 External C


Symbols:

                N a m e                 Type     Value    Attr

@CodeSize  . . . . . . . . . . .	Number	 00000000h   
@DataSize  . . . . . . . . . . .	Number	 00000000h   
@Interface . . . . . . . . . . .	Number	 00000003h   
@Model . . . . . . . . . . . . .	Number	 00000007h   
@code  . . . . . . . . . . . . .	Text   	 _TEXT
@data  . . . . . . . . . . . . .	Text   	 FLAT
@fardata?  . . . . . . . . . . .	Text   	 FLAT
@fardata . . . . . . . . . . . .	Text   	 FLAT
@stack . . . . . . . . . . . . .	Text   	 FLAT
ALT_MASK . . . . . . . . . . . .	Number	 00000003h   
CAPSLOCK_ON  . . . . . . . . . .	Number	 00000080h   
CREATE_ALWAYS  . . . . . . . . .	Number	 00000002h   
CREATE_NEW . . . . . . . . . . .	Number	 00000001h   
CTRL_MASK  . . . . . . . . . . .	Number	 0000000Ch   
CreateFile . . . . . . . . . . .	Text   	 CreateFileA
DO_NOT_SHARE . . . . . . . . . .	Number	 00000000h   
ENABLE_ECHO_INPUT  . . . . . . .	Number	 00000004h   
ENABLE_LINE_INPUT  . . . . . . .	Number	 00000002h   
ENABLE_MOUSE_INPUT . . . . . . .	Number	 00000010h   
ENABLE_PROCESSED_INPUT . . . . .	Number	 00000001h   
ENABLE_PROCESSED_OUTPUT  . . . .	Number	 00000001h   
ENABLE_WINDOW_INPUT  . . . . . .	Number	 00000008h   
ENABLE_WRAP_AT_EOL_OUTPUT  . . .	Number	 00000002h   
ENHANCED_KEY . . . . . . . . . .	Number	 00000100h   
FALSE  . . . . . . . . . . . . .	Number	 00000000h   
FILE_APPEND_DATA . . . . . . . .	Number	 00000004h   
FILE_ATTRIBUTE_ARCHIVE . . . . .	Number	 00000020h   
FILE_ATTRIBUTE_COMPRESSED  . . .	Number	 00000800h   
FILE_ATTRIBUTE_DEVICE  . . . . .	Number	 00000040h   
FILE_ATTRIBUTE_DIRECTORY . . . .	Number	 00000010h   
FILE_ATTRIBUTE_ENCRYPTED . . . .	Number	 00004000h   
FILE_ATTRIBUTE_HIDDEN  . . . . .	Number	 00000002h   
FILE_ATTRIBUTE_NORMAL  . . . . .	Number	 00000080h   
FILE_ATTRIBUTE_NOT_CONTENT_INDEXED .	Number	 00002000h   
FILE_ATTRIBUTE_OFFLINE . . . . .	Number	 00001000h   
FILE_ATTRIBUTE_READONLY  . . . .	Number	 00000001h   
FILE_ATTRIBUTE_REPARSE_POINT . .	Number	 00000400h   
FILE_ATTRIBUTE_SPARSE_FILE . . .	Number	 00000200h   
FILE_ATTRIBUTE_SYSTEM  . . . . .	Number	 00000004h   
FILE_ATTRIBUTE_TEMPORARY . . . .	Number	 00000100h   
FILE_BEGIN . . . . . . . . . . .	Number	 00000000h   
FILE_CURRENT . . . . . . . . . .	Number	 00000001h   
FILE_DELETE_CHILD  . . . . . . .	Number	 00000040h   
FILE_END . . . . . . . . . . . .	Number	 00000002h   
FILE_READ_DATA . . . . . . . . .	Number	 00000001h   
FILE_SHARE_DELETE  . . . . . . .	Number	 00000004h   
FILE_SHARE_READ  . . . . . . . .	Number	 00000001h   
FILE_SHARE_WRITE . . . . . . . .	Number	 00000002h   
FILE_WRITE_DATA  . . . . . . . .	Number	 00000002h   
FOCUS_EVENT  . . . . . . . . . .	Number	 00000010h   
FORMAT_MESSAGE_ALLOCATE_BUFFER .	Number	 00000100h   
FORMAT_MESSAGE_FROM_SYSTEM . . .	Number	 00001000h   
FormatMessage  . . . . . . . . .	Text   	 FormatMessageA
GENERIC_ALL  . . . . . . . . . .	Number	 10000000h   
GENERIC_EXECUTE  . . . . . . . .	Number	 20000000h   
GENERIC_READ . . . . . . . . . .	Number	 -80000000h   
GENERIC_WRITE  . . . . . . . . .	Number	 40000000h   
GetCommandLine . . . . . . . . .	Text   	 GetCommandLineA
HANDLE . . . . . . . . . . . . .	Text   	 DWORD
HEAP_GENERATE_EXCEPTIONS . . . .	Number	 00000004h   
HEAP_GROWABLE  . . . . . . . . .	Number	 00000002h   
HEAP_NO_SERIALIZE  . . . . . . .	Number	 00000001h   
HEAP_REALLOC_IN_PLACE_ONLY . . .	Number	 00000010h   
HEAP_ZERO_MEMORY . . . . . . . .	Number	 00000008h   
IDABORT  . . . . . . . . . . . .	Number	 00000003h   
IDCANCEL . . . . . . . . . . . .	Number	 00000002h   
IDCLOSE  . . . . . . . . . . . .	Number	 00000008h   
IDCONTINUE . . . . . . . . . . .	Number	 0000000Bh   
IDHELP . . . . . . . . . . . . .	Number	 00000009h   
IDIGNORE . . . . . . . . . . . .	Number	 00000005h   
IDNO . . . . . . . . . . . . . .	Number	 00000007h   
IDOK . . . . . . . . . . . . . .	Number	 00000001h   
IDRETRY  . . . . . . . . . . . .	Number	 00000004h   
IDTIMEOUT  . . . . . . . . . . .	Number	 00007D00h   
IDTRYAGAIN . . . . . . . . . . .	Number	 0000000Ah   
IDYES  . . . . . . . . . . . . .	Number	 00000006h   
INVALID_HANDLE_VALUE . . . . . .	Number	 -00000001h   
KBDOWN_FLAG  . . . . . . . . . .	Number	 00000001h   
KEY_EVENT  . . . . . . . . . . .	Number	 00000001h   
KEY_MASKS  . . . . . . . . . . .	Number	 0000001Fh   
LEFT_ALT_PRESSED . . . . . . . .	Number	 00000002h   
LEFT_CTRL_PRESSED  . . . . . . .	Number	 00000008h   
MB_ABORTRETRYIGNORE  . . . . . .	Number	 00000002h   
MB_APPLMODAL . . . . . . . . . .	Number	 00000000h   
MB_CANCELTRYCONTINUE . . . . . .	Number	 00000006h   
MB_DEFBUTTON1  . . . . . . . . .	Number	 00000000h   
MB_DEFBUTTON2  . . . . . . . . .	Number	 00000100h   
MB_DEFBUTTON3  . . . . . . . . .	Number	 00000200h   
MB_DEFBUTTON4  . . . . . . . . .	Number	 00000300h   
MB_HELP  . . . . . . . . . . . .	Number	 00004000h   
MB_ICONASTERISK  . . . . . . . .	Number	 00000040h   
MB_ICONERROR . . . . . . . . . .	Number	 00000010h   
MB_ICONEXCLAMATION . . . . . . .	Number	 00000030h   
MB_ICONHAND  . . . . . . . . . .	Number	 00000010h   
MB_ICONINFORMATION . . . . . . .	Number	 00000040h   
MB_ICONQUESTION  . . . . . . . .	Number	 00000020h   
MB_ICONSTOP  . . . . . . . . . .	Number	 00000010h   
MB_ICONWARNING . . . . . . . . .	Number	 00000030h   
MB_OKCANCEL  . . . . . . . . . .	Number	 00000001h   
MB_OK  . . . . . . . . . . . . .	Number	 00000000h   
MB_RETRYCANCEL . . . . . . . . .	Number	 00000005h   
MB_SYSTEMMODAL . . . . . . . . .	Number	 00001000h   
MB_TASKMODAL . . . . . . . . . .	Number	 00002000h   
MB_USERICON  . . . . . . . . . .	Number	 00000080h   
MB_YESNOCANCEL . . . . . . . . .	Number	 00000003h   
MB_YESNO . . . . . . . . . . . .	Number	 00000004h   
MENU_EVENT . . . . . . . . . . .	Number	 00000008h   
MOUSE_EVENT  . . . . . . . . . .	Number	 00000002h   
MessageBox . . . . . . . . . . .	Text   	 MessageBoxA
NULL . . . . . . . . . . . . . .	Number	 00000000h   
NUMLOCK_ON . . . . . . . . . . .	Number	 00000020h   
OPEN_ALWAYS  . . . . . . . . . .	Number	 00000004h   
OPEN_EXISTING  . . . . . . . . .	Number	 00000003h   
PeekConsoleInput . . . . . . . .	Text   	 PeekConsoleInputA
RIGHT_ALT_PRESSED  . . . . . . .	Number	 00000001h   
RIGHT_CTRL_PRESSED . . . . . . .	Number	 00000004h   
ReadConsoleInput . . . . . . . .	Text   	 ReadConsoleInputA
ReadConsole  . . . . . . . . . .	Text   	 ReadConsoleA
SCROLLLOCK_ON  . . . . . . . . .	Number	 00000040h   
SHIFT_MASK . . . . . . . . . . .	Number	 00000010h   
SHIFT_PRESSED  . . . . . . . . .	Number	 00000010h   
STD_ERROR_HANDLE . . . . . . . .	Number	 -0000000Ch   
STD_INPUT_HANDLE . . . . . . . .	Number	 -0000000Ah   
STD_OUTPUT_HANDLE  . . . . . . .	Number	 -0000000Bh   
SetConsoleTitle  . . . . . . . .	Text   	 SetConsoleTitleA
TAB  . . . . . . . . . . . . . .	Number	 00000009h   
TRUE . . . . . . . . . . . . . .	Number	 00000001h   
TRUNCATE_EXISTING  . . . . . . .	Number	 00000005h   
VK_11  . . . . . . . . . . . . .	Number	 000000BDh   
VK_12  . . . . . . . . . . . . .	Number	 000000BBh   
VK_ADD . . . . . . . . . . . . .	Number	 0000006Bh   
VK_BACK  . . . . . . . . . . . .	Number	 00000008h   
VK_CANCEL  . . . . . . . . . . .	Number	 00000003h   
VK_CAPITAL . . . . . . . . . . .	Number	 00000014h   
VK_CLEAR . . . . . . . . . . . .	Number	 0000000Ch   
VK_CONTROL . . . . . . . . . . .	Number	 00000011h   
VK_DECIMAL . . . . . . . . . . .	Number	 0000006Eh   
VK_DELETE  . . . . . . . . . . .	Number	 0000002Eh   
VK_DIVIDE  . . . . . . . . . . .	Number	 0000006Fh   
VK_DOWN  . . . . . . . . . . . .	Number	 00000028h   
VK_END . . . . . . . . . . . . .	Number	 00000023h   
VK_ESCAPE  . . . . . . . . . . .	Number	 0000001Bh   
VK_EXECUTE . . . . . . . . . . .	Number	 0000002Bh   
VK_F10 . . . . . . . . . . . . .	Number	 00000079h   
VK_F11 . . . . . . . . . . . . .	Number	 0000007Ah   
VK_F12 . . . . . . . . . . . . .	Number	 0000007Bh   
VK_F13 . . . . . . . . . . . . .	Number	 0000007Ch   
VK_F14 . . . . . . . . . . . . .	Number	 0000007Dh   
VK_F15 . . . . . . . . . . . . .	Number	 0000007Eh   
VK_F16 . . . . . . . . . . . . .	Number	 0000007Fh   
VK_F17 . . . . . . . . . . . . .	Number	 00000080h   
VK_F18 . . . . . . . . . . . . .	Number	 00000081h   
VK_F19 . . . . . . . . . . . . .	Number	 00000082h   
VK_F1  . . . . . . . . . . . . .	Number	 00000070h   
VK_F20 . . . . . . . . . . . . .	Number	 00000083h   
VK_F21 . . . . . . . . . . . . .	Number	 00000084h   
VK_F22 . . . . . . . . . . . . .	Number	 00000085h   
VK_F23 . . . . . . . . . . . . .	Number	 00000086h   
VK_F24 . . . . . . . . . . . . .	Number	 00000087h   
VK_F2  . . . . . . . . . . . . .	Number	 00000071h   
VK_F3  . . . . . . . . . . . . .	Number	 00000072h   
VK_F4  . . . . . . . . . . . . .	Number	 00000073h   
VK_F5  . . . . . . . . . . . . .	Number	 00000074h   
VK_F6  . . . . . . . . . . . . .	Number	 00000075h   
VK_F7  . . . . . . . . . . . . .	Number	 00000076h   
VK_F8  . . . . . . . . . . . . .	Number	 00000077h   
VK_F9  . . . . . . . . . . . . .	Number	 00000078h   
VK_HELP  . . . . . . . . . . . .	Number	 0000002Fh   
VK_HOME  . . . . . . . . . . . .	Number	 00000024h   
VK_INSERT  . . . . . . . . . . .	Number	 0000002Dh   
VK_LBUTTON . . . . . . . . . . .	Number	 00000001h   
VK_LCONTROL  . . . . . . . . . .	Number	 000000A2h   
VK_LEFT  . . . . . . . . . . . .	Number	 00000025h   
VK_LMENU . . . . . . . . . . . .	Number	 000000A4h   
VK_LSHIFT  . . . . . . . . . . .	Number	 000000A0h   
VK_MENU  . . . . . . . . . . . .	Number	 00000012h   
VK_MULTIPLY  . . . . . . . . . .	Number	 0000006Ah   
VK_NEXT  . . . . . . . . . . . .	Number	 00000022h   
VK_NUMLOCK . . . . . . . . . . .	Number	 00000090h   
VK_NUMPAD0 . . . . . . . . . . .	Number	 00000060h   
VK_NUMPAD1 . . . . . . . . . . .	Number	 00000061h   
VK_NUMPAD2 . . . . . . . . . . .	Number	 00000062h   
VK_NUMPAD3 . . . . . . . . . . .	Number	 00000063h   
VK_NUMPAD4 . . . . . . . . . . .	Number	 00000064h   
VK_NUMPAD5 . . . . . . . . . . .	Number	 00000065h   
VK_NUMPAD6 . . . . . . . . . . .	Number	 00000066h   
VK_NUMPAD7 . . . . . . . . . . .	Number	 00000067h   
VK_NUMPAD8 . . . . . . . . . . .	Number	 00000068h   
VK_NUMPAD9 . . . . . . . . . . .	Number	 00000069h   
VK_PAUSE . . . . . . . . . . . .	Number	 00000013h   
VK_PRINT . . . . . . . . . . . .	Number	 0000002Ah   
VK_PRIOR . . . . . . . . . . . .	Number	 00000021h   
VK_RBUTTON . . . . . . . . . . .	Number	 00000002h   
VK_RCONTROL  . . . . . . . . . .	Number	 000000A3h   
VK_RETURN  . . . . . . . . . . .	Number	 0000000Dh   
VK_RIGHT . . . . . . . . . . . .	Number	 00000027h   
VK_RMENU . . . . . . . . . . . .	Number	 000000A5h   
VK_RSHIFT  . . . . . . . . . . .	Number	 000000A1h   
VK_SCROLL  . . . . . . . . . . .	Number	 00000091h   
VK_SEPARATER . . . . . . . . . .	Number	 0000006Ch   
VK_SHIFT . . . . . . . . . . . .	Number	 00000010h   
VK_SNAPSHOT  . . . . . . . . . .	Number	 0000002Ch   
VK_SPACE . . . . . . . . . . . .	Number	 00000020h   
VK_SUBTRACT  . . . . . . . . . .	Number	 0000006Dh   
VK_TAB . . . . . . . . . . . . .	Number	 00000009h   
VK_UP  . . . . . . . . . . . . .	Number	 00000026h   
WINDOW_BUFFER_SIZE_EVENT . . . .	Number	 00000004h   
WriteConsoleOutputCharacter  . .	Text   	 WriteConsoleOutputCharacterA
WriteConsole . . . . . . . . . .	Text   	 WriteConsoleA
black  . . . . . . . . . . . . .	Number	 00000000h   
blue . . . . . . . . . . . . . .	Number	 00000001h   
brown  . . . . . . . . . . . . .	Number	 00000006h   
buffer . . . . . . . . . . . . .	Byte	 000000DD _DATA	
cyan . . . . . . . . . . . . . .	Number	 00000003h   
dniMiesiaca  . . . . . . . . . .	Byte	 00000030 _DATA	
dzienPoprawny  . . . . . . . . .	Byte	 00000031 _DATA	
dzien  . . . . . . . . . . . . .	Byte	 0000002A _DATA	
exit . . . . . . . . . . . . . .	Text   	 INVOKE ExitProcess,0
gray . . . . . . . . . . . . . .	Number	 00000008h   
green  . . . . . . . . . . . . .	Number	 00000002h   
kontrolna  . . . . . . . . . . .	Word	 00000028 _DATA	
lightBlue  . . . . . . . . . . .	Number	 00000009h   
lightCyan  . . . . . . . . . . .	Number	 0000000Bh   
lightGray  . . . . . . . . . . .	Number	 00000007h   
lightGreen . . . . . . . . . . .	Number	 0000000Ah   
lightMagenta . . . . . . . . . .	Number	 0000000Dh   
lightRed . . . . . . . . . . . .	Number	 0000000Ch   
magenta  . . . . . . . . . . . .	Number	 00000005h   
miesiac  . . . . . . . . . . . .	Byte	 0000002B _DATA	
msgDataUrodzenia . . . . . . . .	Byte	 000000CC _DATA	
msgPodajPesel  . . . . . . . . .	Byte	 00000032 _DATA	
msgZlaDlugosc  . . . . . . . . .	Byte	 00000040 _DATA	
msgZlaSumaKontrolna  . . . . . .	Byte	 0000007B _DATA	
msgZlyDzien  . . . . . . . . . .	Byte	 00000096 _DATA	
msgZlyMiesiac  . . . . . . . . .	Byte	 000000A8 _DATA	
msgZlyRok  . . . . . . . . . . .	Byte	 000000BC _DATA	
msgZlyZnak . . . . . . . . . . .	Byte	 00000061 _DATA	
peselLength  . . . . . . . . . .	DWord	 00000014 _DATA	
pesel  . . . . . . . . . . . . .	Byte	 00000000 _DATA	
red  . . . . . . . . . . . . . .	Number	 00000004h   
rok  . . . . . . . . . . . . . .	DWord	 0000002C _DATA	
suma . . . . . . . . . . . . . .	Word	 00000026 _DATA	
wagiLength . . . . . . . . . . .	DWord	 00000022 _DATA	
wagi . . . . . . . . . . . . . .	Byte	 00000018 _DATA	
white  . . . . . . . . . . . . .	Number	 0000000Fh   
wsprintf . . . . . . . . . . . .	Text   	 wsprintfA
yellow . . . . . . . . . . . . .	Number	 0000000Eh   

	   0 Warnings
	   0 Errors
